   ▲ Next.js 15.5.3
   - Environments: .env.local

   Creating an optimized production build ...
node:internal/buffer:1095
  return new FastBuffer(createUnsafeArrayBuffer(size));
                        ^

RangeError: Array buffer allocation failed
    at createUnsafeBuffer (node:internal/buffer:1095:25)
    at Buffer.allocUnsafeSlow (node:buffer:447:10)
    at read (M:\Personal\Workspace\Poject X\node_modules\next\dist\compiled\webpack\bundle5.js:29:1261910)
    at M:\Personal\Workspace\Poject X\node_modules\next\dist\compiled\webpack\bundle5.js:29:1262325
    at M:\Personal\Workspace\Poject X\node_modules\next\dist\compiled\webpack\bundle5.js:1:271465
    at FSReqCallback.oncomplete (node:fs:184:23)

Node.js v24.13.1
Next.js build worker exited with code: 1 and signal: null
